// Vitest Snapshot v1, https://vitest.dev/guide/snapshot.html

exports[`RM -> RSA > RM_TO_RSA_TEST converts and reports its timing estimate 1`] = `
{
  "a": [
    "greater ricochet",
    "",
    "",
    "greater ricochet",
    "",
    "",
    "greater death's swiftness",
    "",
    "",
    "",
    "",
    "",
    "piercing shot",
    "",
    "",
    "balance by force",
    "",
    "",
    "piercing shot",
    "",
    "",
    "anticipation",
    "",
    "",
    "rampage",
    "",
    "",
    "piercing shot",
    "",
    "",
    "greater ricochet",
    "",
    "",
    "split soul ecb",
    "",
    "",
    "galeshot",
    "",
    "surge",
    "",
    "",
    "dive",
    "",
    "",
    "surge",
    "",
    "",
    "rapid fire",
    "",
    "",
    "",
    "",
    "",
    "",
    "",
    "deadshot",
    "",
    "",
    "shadowfall",
    "",
    "",
    "greater ricochet",
    "",
    "",
    "smoke tendrils",
    "",
    "",
    "",
    "",
    "",
    "",
    "meteor strike",
    "",
    "",
    "berserk",
    "",
    "",
    "greater barge",
    "",
    "",
    "",
    "",
    "",
    "assault",
    "",
    "",
    "overpower",
    "",
    "",
    "chaos roar",
    "",
    "",
    "chaos roar",
    "",
    "",
    "",
    "",
    "",
    "",
    "",
    "",
    "icy tempest",
    "",
    "",
    "punish",
    "",
    "",
    "overpower",
    "",
    "",
    "",
    "",
    "",
    "hurricane",
    "",
    "",
    "",
    "",
    "",
    "",
    "",
    "",
    "",
    "",
    "",
    "",
    "",
    "",
    "",
    "",
    "",
    "",
    "",
    "",
    "",
    "",
    "",
    "",
    "",
    "",
    "",
    "",
    "",
    "",
    "",
    "",
    "",
    "",
    "",
    "",
    "",
    "",
    "",
    "",
    "",
    "",
    "",
    "",
    "",
    "",
    "",
    "",
    "",
    "",
    "",
    "",
    "",
    "",
    "",
    "",
    "",
    "",
    "",
    "",
    "",
    "",
    "",
    "",
    "",
    "",
    "",
    "",
    "",
    "",
    "",
    "",
    "",
    "",
    "",
    "",
    "",
    "",
    "",
    "",
    "",
    "",
    "",
    "",
    "",
    "",
    "",
    "",
    "",
    "",
    "",
    "",
    "",
    "",
    "",
    "",
    "",
    "",
    "",
    "",
    "",
    "",
    "",
    "",
    "",
    "",
    "",
    "",
    "",
    "",
    "",
    "",
    "",
    "",
    "",
    "",
    "",
    "",
    "",
    "",
    "",
    "",
    "",
    "",
    "",
    "",
    "",
    "",
    "",
    "",
    "",
    "",
    "",
    "",
    "",
    "",
    "",
    "",
    "",
    "",
    "",
    "",
    "",
    "",
    "",
    "",
    "",
    "",
    "",
    "",
    "",
    "",
    "",
    "",
    "",
    "",
    "",
    "",
    "",
    "",
    "",
    "",
    "",
    "",
    "",
    "",
    "",
    "",
    "",
    "",
    "",
    "",
    "",
    "",
    "",
    "",
    "",
    "",
    "",
    "",
    "",
    "",
    "",
    "",
    "",
    "",
  ],
  "name": "Seriyu GM",
}
`;

exports[`RSA -> RM > RSA_TO_RM_TEST converts with no unresolved abilities 1`] = `
{
  "Data": [
    {
      "Data": [
        {
          "Notes": null,
          "SelectedAbility": {
            "Category": "Ranged Abilities",
            "Emoji": "Greater ricochet",
            "EmojiId": "787904334812807238",
            "Src": "./assets/resource/abilities/grico.webp",
            "Title": "grico",
          },
          "Separator": "→",
        },
        {
          "Notes": null,
          "SelectedAbility": {
            "Category": "Consumables, Currencies, and Combat Support Items",
            "Emoji": "Vulnerability bomb",
            "EmojiId": "655341074235129858",
            "Src": "./assets/resource/abilities/vulnbomb.webp",
            "Title": "vulnbomb",
          },
          "Separator": "+",
        },
        {
          "Notes": null,
          "SelectedAbility": {
            "Category": "Ranged Abilities",
            "Emoji": "Greater Death's Swiftness",
            "EmojiId": "994644354536837121",
            "Src": "./assets/resource/abilities/gdeathsswift.webp",
            "Title": "gdeathsswift",
          },
          "Separator": "→",
        },
        {
          "Notes": null,
          "SelectedAbility": {
            "Category": "Ranged Abilities",
            "Emoji": "imbue_shadows",
            "EmojiId": "1478061866193518744",
            "Src": "./assets/resource/abilities/imbue_shadows.webp",
            "Title": "imbue_shadows",
          },
          "Separator": "→",
        },
        {
          "Notes": null,
          "SelectedAbility": {
            "Category": "Ranged Gear",
            "Emoji": "Jas demonbane arrow",
            "EmojiId": "971025697055334491",
            "Src": "./assets/resource/abilities/jasdemonbanearrow.webp",
            "Title": "jasdemonbanearrow",
          },
          "Separator": "+",
        },
        {
          "Notes": null,
          "SelectedAbility": {
            "Category": "Ranged Gear",
            "Emoji": "Bow of the Last Guardian",
            "EmojiId": "994189289623662702",
            "Src": "./assets/resource/abilities/bolg.webp",
            "Title": "bolg",
          },
          "Separator": "→",
        },
        {
          "Notes": null,
          "SelectedAbility": {
            "Category": "Defence and Constitution Abilities",
            "Emoji": "Special attack",
            "EmojiId": "537340400273195028",
            "Src": "./assets/resource/abilities/spec.webp",
            "Title": "spec",
          },
          "Separator": "",
        },
        {
          "Notes": null,
          "SelectedAbility": {
            "Category": "Ranged Abilities",
            "Emoji": "galeshot",
            "EmojiId": "1478061864943616122",
            "Src": "./assets/resource/abilities/galeshot.webp",
            "Title": "galeshot",
          },
          "Separator": "→",
        },
        {
          "Notes": null,
          "SelectedAbility": {
            "Category": "Ranged Abilities",
            "Emoji": "Rapid fire",
            "EmojiId": "535541270521708566",
            "Src": "./assets/resource/abilities/rapid.webp",
            "Title": "rapid",
          },
          "Separator": "→",
        },
        {
          "Notes": "6T",
          "SelectedAbility": {
            "Category": "Defence and Constitution Abilities",
            "Emoji": "Undead slayer ability",
            "EmojiId": "641339922019516416",
            "Src": "./assets/resource/abilities/undeadslayer.webp",
            "Title": "undeadslayer",
          },
          "Separator": "→",
        },
        {
          "Notes": null,
          "SelectedAbility": {
            "Category": "Ranged Abilities",
            "Emoji": "deadshot",
            "EmojiId": "1478061860371828929",
            "Src": "./assets/resource/abilities/deadshot.webp",
            "Title": "deadshot",
          },
          "Separator": "→",
        },
        {
          "Notes": null,
          "SelectedAbility": {
            "Category": "Ranged Gear",
            "Emoji": "Gloomfire bow",
            "EmojiId": "1446178203608809472",
            "Src": "./assets/resource/abilities/gloomfirebow.webp",
            "Title": "gloomfirebow",
          },
          "Separator": "→",
        },
        {
          "Notes": null,
          "SelectedAbility": {
            "Category": "Defence and Constitution Abilities",
            "Emoji": "Special attack",
            "EmojiId": "537340400273195028",
            "Src": "./assets/resource/abilities/spec.webp",
            "Title": "spec",
          },
          "Separator": "",
        },
        {
          "Notes": null,
          "SelectedAbility": {
            "Category": "Uncategorised",
            "Emoji": "Essence of Finality amulet (or)",
            "EmojiId": "745279787471470713",
            "Src": "./assets/resource/abilities/eof.webp",
            "Title": "eof",
          },
          "Separator": "+",
        },
        {
          "Notes": null,
          "SelectedAbility": {
            "Category": "Ranged Gear",
            "Emoji": "Seren godbow",
            "EmojiId": "626466665848242186",
            "Src": "./assets/resource/abilities/sgb.webp",
            "Title": "sgb",
          },
          "Separator": "→",
        },
        {
          "Notes": null,
          "SelectedAbility": {
            "Category": "Defence and Constitution Abilities",
            "Emoji": "Special attack",
            "EmojiId": "537340400273195028",
            "Src": "./assets/resource/abilities/spec.webp",
            "Title": "spec",
          },
          "Separator": "",
        },
        {
          "Notes": null,
          "SelectedAbility": {
            "Category": "Ranged Gear",
            "Emoji": "Gloomfire bow",
            "EmojiId": "1446178203608809472",
            "Src": "./assets/resource/abilities/gloomfirebow.webp",
            "Title": "gloomfirebow",
          },
          "Separator": "→",
        },
        {
          "Notes": null,
          "SelectedAbility": {
            "Category": "Defence and Constitution Abilities",
            "Emoji": "Special attack",
            "EmojiId": "537340400273195028",
            "Src": "./assets/resource/abilities/spec.webp",
            "Title": "spec",
          },
          "Separator": "",
        },
        {
          "Notes": null,
          "SelectedAbility": {
            "Category": "Ranged Abilities",
            "Emoji": "Greater ricochet",
            "EmojiId": "787904334812807238",
            "Src": "./assets/resource/abilities/grico.webp",
            "Title": "grico",
          },
          "Separator": "→",
        },
        {
          "Notes": null,
          "SelectedAbility": {
            "Category": "Consumables, Currencies, and Combat Support Items",
            "Emoji": "Salve amulet (e)",
            "EmojiId": "797899945730244648",
            "Src": "./assets/resource/abilities/salveamulet.webp",
            "Title": "salveamulet",
          },
          "Separator": "+",
        },
        {
          "Notes": null,
          "SelectedAbility": {
            "Category": "Ranged Abilities",
            "Emoji": "snapshot",
            "EmojiId": "1478061855732666439",
            "Src": "./assets/resource/abilities/snapshot.webp",
            "Title": "snapshot",
          },
          "Separator": "→",
        },
        {
          "Notes": null,
          "SelectedAbility": {
            "Category": "Ranged Gear",
            "Emoji": "Gloomfire bow",
            "EmojiId": "1446178203608809472",
            "Src": "./assets/resource/abilities/gloomfirebow.webp",
            "Title": "gloomfirebow",
          },
          "Separator": "→",
        },
        {
          "Notes": null,
          "SelectedAbility": {
            "Category": "Defence and Constitution Abilities",
            "Emoji": "Special attack",
            "EmojiId": "537340400273195028",
            "Src": "./assets/resource/abilities/spec.webp",
            "Title": "spec",
          },
          "Separator": "",
        },
        {
          "Notes": null,
          "SelectedAbility": {
            "Category": "Ranged Abilities",
            "Emoji": "piercing_shot",
            "EmojiId": "1478061863723073636",
            "Src": "./assets/resource/abilities/piercing_shot.webp",
            "Title": "piercing_shot",
          },
          "Separator": "→",
        },
        {
          "Notes": "2T",
          "SelectedAbility": {
            "Category": "Consumables, Currencies, and Combat Support Items",
            "Emoji": "Salve amulet (e)",
            "EmojiId": "797899945730244648",
            "Src": "./assets/resource/abilities/salveamulet.webp",
            "Title": "salveamulet",
          },
          "Separator": "→",
        },
        {
          "Notes": null,
          "SelectedAbility": {
            "Category": "Ranged Abilities",
            "Emoji": "galeshot",
            "EmojiId": "1478061864943616122",
            "Src": "./assets/resource/abilities/galeshot.webp",
            "Title": "galeshot",
          },
          "Separator": "→",
        },
        {
          "Notes": null,
          "SelectedAbility": {
            "Category": "Ranged Abilities",
            "Emoji": "Rapid fire",
            "EmojiId": "535541270521708566",
            "Src": "./assets/resource/abilities/rapid.webp",
            "Title": "rapid",
          },
          "Separator": "→",
        },
        {
          "Notes": null,
          "SelectedAbility": {
            "Category": "Ranged Gear",
            "Emoji": "Bow of the Last Guardian",
            "EmojiId": "994189289623662702",
            "Src": "./assets/resource/abilities/bolg.webp",
            "Title": "bolg",
          },
          "Separator": "→",
        },
        {
          "Notes": null,
          "SelectedAbility": {
            "Category": "Defence and Constitution Abilities",
            "Emoji": "Special attack",
            "EmojiId": "537340400273195028",
            "Src": "./assets/resource/abilities/spec.webp",
            "Title": "spec",
          },
          "Separator": "",
        },
        {
          "Notes": null,
          "SelectedAbility": {
            "Category": "Ranged Abilities",
            "Emoji": "Greater ricochet",
            "EmojiId": "787904334812807238",
            "Src": "./assets/resource/abilities/grico.webp",
            "Title": "grico",
          },
          "Separator": "→",
        },
        {
          "Notes": null,
          "SelectedAbility": {
            "Category": "Ranged Abilities",
            "Emoji": "snipe",
            "EmojiId": "1478061857486143498",
            "Src": "./assets/resource/abilities/snipe.webp",
            "Title": "snipe",
          },
          "Separator": "→",
        },
      ],
      "Id": 0,
      "Name": "Imported Rotation",
      "Wave": null,
    },
  ],
  "Name": "Drake Vorkath",
  "lineBreakSpacing": 0,
}
`;
